// Jest Snapshot v1, https://goo.gl/fbAQLP

exports[`@snowpack/plugin-optimize minimal - no minification: console.log 1`] = ``;

exports[`@snowpack/plugin-optimize minimal - no minification: fs.writeFileSync 1`] = ``;

exports[`@snowpack/plugin-optimize minimal - no options: console.log 1`] = ``;

exports[`@snowpack/plugin-optimize minimal - no options: fs.writeFileSync 1`] = `
FILE: stubs/minimal/index.html
<!DOCTYPE html><html lang="en"><head><meta charset="UTF-8"><title>Minimal test</title><link rel="stylesheet" href="style.css"></head><body><script type="module" src="index.js"></script></body></html>

--------------------------------------------------------------------------------

FILE: stubs/minimal/index.js
(()=>{function n(o){console.log(o)}n("test")})();


--------------------------------------------------------------------------------

FILE: stubs/minimal/style.css
body{border:1px solid red}
`;
