// Jest Snapshot v1, https://goo.gl/fbAQLP

exports[`instantiatedObject Instantiated objects do not affect build 1`] = `"console.log('fooey');"`;
