// Jest Snapshot v1, https://goo.gl/fbAQLP

exports[`snowpack dev smoke: html 1`] = `
"<!DOCTYPE html>
<html lang=\\"en\\">
  <head>
    <meta charset=\\"utf-8\\" />
    <link rel=\\"icon\\" href=\\"/favicon.ico\\" />
    <meta name=\\"viewport\\" content=\\"width=device-width, initial-scale=1\\" />
    <meta name=\\"description\\" content=\\"Web site created using create-snowpack-app\\" />
    <link rel=\\"stylesheet\\" type=\\"text/css\\" href=\\"/index.css\\" />
    <title>Snowpack App</title>
  <script type=\\"module\\" src=\\"/__snowpack__/hmr-client.js\\"></script><script type=\\"module\\" src=\\"/__snowpack__/hmr-error-overlay.js\\"></script></head>
  <body>
    <img id=\\"img\\" src=\\"/logo.svg\\" />
    <canvas id=\\"canvas\\"></canvas>
    <noscript>You need to enable JavaScript to run this app.</noscript>
    <script type=\\"module\\" src=\\"/_dist_/index.js\\"></script>
    <!--
      This HTML file is a template.
      If you open it directly in the browser, you will see an empty page.

      You can add webfonts, meta tags, or analytics to this file.
      The build step will place the bundled scripts into the <body> tag.

      To begin the development, run \`npm start\` or \`yarn start\`.
      To create a production bundle, use \`npm run build\` or \`yarn build\`.
    -->
  </body>
</html>
"
`;

exports[`snowpack dev smoke: js 1`] = `
"/**
 * This file is just a silly example to show everything working in the browser.
 * When you're ready to start on your site, clear the file. Happy hacking!
 **/

import confetti from '/web_modules/canvas-confetti.js';

confetti.create(document.getElementById('canvas'), {
  resize: true,
  useWorker: true,
})({ particleCount: 200, spread: 200 });
"
`;
